Release 14.7 - xst P.20131013 (nt64)
Copyright (c) 1995-2013 Xilinx, Inc.  All rights reserved.
--> Parameter TMPDIR set to xst/projnav.tmp


Total REAL time to Xst completion: 1.00 secs
Total CPU time to Xst completion: 0.22 secs
 
--> Parameter xsthdpdir set to xst


Total REAL time to Xst completion: 1.00 secs
Total CPU time to Xst completion: 0.22 secs
 
--> Reading design: juntar.prj

TABLE OF CONTENTS
  1) Synthesis Options Summary
  2) HDL Compilation
  3) Design Hierarchy Analysis
  4) HDL Analysis
  5) HDL Synthesis
     5.1) HDL Synthesis Report
  6) Advanced HDL Synthesis
     6.1) Advanced HDL Synthesis Report
  7) Low Level Synthesis
  8) Partition Report
  9) Final Report
	9.1) Device utilization summary
	9.2) Partition Resource Summary
	9.3) TIMING REPORT


=========================================================================
*                      Synthesis Options Summary                        *
=========================================================================
---- Source Parameters
Input File Name                    : "juntar.prj"
Input Format                       : mixed
Ignore Synthesis Constraint File   : NO

---- Target Parameters
Output File Name                   : "juntar"
Output Format                      : NGC
Target Device                      : xc3s100e-4-tq144

---- Source Options
Top Module Name                    : juntar
Automatic FSM Extraction           : YES
FSM Encoding Algorithm             : Auto
Safe Implementation                : No
FSM Style                          : LUT
RAM Extraction                     : Yes
RAM Style                          : Auto
ROM Extraction                     : Yes
Mux Style                          : Auto
Decoder Extraction                 : YES
Priority Encoder Extraction        : Yes
Shift Register Extraction          : YES
Logical Shifter Extraction         : YES
XOR Collapsing                     : YES
ROM Style                          : Auto
Mux Extraction                     : Yes
Resource Sharing                   : YES
Asynchronous To Synchronous        : NO
Multiplier Style                   : Auto
Automatic Register Balancing       : No

---- Target Options
Add IO Buffers                     : YES
Global Maximum Fanout              : 100000
Add Generic Clock Buffer(BUFG)     : 24
Register Duplication               : YES
Slice Packing                      : YES
Optimize Instantiated Primitives   : NO
Use Clock Enable                   : Yes
Use Synchronous Set                : Yes
Use Synchronous Reset              : Yes
Pack IO Registers into IOBs        : Auto
Equivalent register Removal        : YES

---- General Options
Optimization Goal                  : Speed
Optimization Effort                : 1
Keep Hierarchy                     : No
Netlist Hierarchy                  : As_Optimized
RTL Output                         : Yes
Global Optimization                : AllClockNets
Read Cores                         : YES
Write Timing Constraints           : NO
Cross Clock Analysis               : NO
Hierarchy Separator                : /
Bus Delimiter                      : <>
Case Specifier                     : Maintain
Slice Utilization Ratio            : 100
BRAM Utilization Ratio             : 100
Verilog 2001                       : YES
Auto BRAM Packing                  : NO
Slice Utilization Ratio Delta      : 5

=========================================================================


=========================================================================
*                          HDL Compilation                              *
=========================================================================
Compiling vhdl file "D:/URJC/4.CUARTO/TFG/TRABAJO/FPGA/PWM_lazocerrado_v1/PWM_motor.vhd" in Library work.
Entity <PWM_motor> compiled.
Entity <PWM_motor> (Architecture <Behavioral>) compiled.
Compiling vhdl file "D:/URJC/4.CUARTO/TFG/TRABAJO/FPGA/PWM_lazocerrado_v1/debouncer_top.vhd" in Library work.
Entity <debouncer_top> compiled.
Entity <debouncer_top> (Architecture <Behavioral>) compiled.
Compiling vhdl file "D:/URJC/4.CUARTO/TFG/TRABAJO/FPGA/PWM_lazocerrado_v1/binary_to_bcd.vhd" in Library work.
Entity <binary_to_bcd> compiled.
Entity <binary_to_bcd> (Architecture <Behavioral>) compiled.
Compiling vhdl file "D:/URJC/4.CUARTO/TFG/TRABAJO/FPGA/PWM_lazocerrado_v1/calcular_posicion.vhd" in Library work.
Entity <calcular_posicion> compiled.
Entity <calcular_posicion> (Architecture <Behavioral>) compiled.
Compiling vhdl file "D:/URJC/4.CUARTO/TFG/TRABAJO/FPGA/PWM_lazocerrado_v1/pid.vhd" in Library work.
Entity <PID> compiled.
Entity <PID> (Architecture <Behavioral>) compiled.
Compiling vhdl file "D:/URJC/4.CUARTO/TFG/TRABAJO/FPGA/PWM_lazocerrado_v1/juntar.vhd" in Library work.
Entity <juntar> compiled.
Entity <juntar> (Architecture <Behavioral>) compiled.

=========================================================================
*                     Design Hierarchy Analysis                         *
=========================================================================
Analyzing hierarchy for entity <juntar> in library <work> (architecture <Behavioral>).

Analyzing hierarchy for entity <PWM_motor> in library <work> (architecture <Behavioral>).

Analyzing hierarchy for entity <debouncer_top> in library <work> (architecture <Behavioral>).

Analyzing hierarchy for entity <binary_to_bcd> in library <work> (architecture <Behavioral>).

Analyzing hierarchy for entity <calcular_posicion> in library <work> (architecture <Behavioral>).

Analyzing hierarchy for entity <PID> in library <work> (architecture <Behavioral>).


=========================================================================
*                            HDL Analysis                               *
=========================================================================
Analyzing Entity <juntar> in library <work> (Architecture <Behavioral>).
Entity <juntar> analyzed. Unit <juntar> generated.

Analyzing Entity <PWM_motor> in library <work> (Architecture <Behavioral>).
WARNING:Xst:1610 - "D:/URJC/4.CUARTO/TFG/TRABAJO/FPGA/PWM_lazocerrado_v1/PWM_motor.vhd" line 411: Width mismatch. <velocidad_real_tension> has a width of 16 bits but assigned expression is 32-bit wide.
Entity <PWM_motor> analyzed. Unit <PWM_motor> generated.

Analyzing Entity <debouncer_top> in library <work> (Architecture <Behavioral>).
Entity <debouncer_top> analyzed. Unit <debouncer_top> generated.

Analyzing Entity <binary_to_bcd> in library <work> (Architecture <Behavioral>).
Entity <binary_to_bcd> analyzed. Unit <binary_to_bcd> generated.

Analyzing Entity <calcular_posicion> in library <work> (Architecture <Behavioral>).
Entity <calcular_posicion> analyzed. Unit <calcular_posicion> generated.

Analyzing Entity <PID> in library <work> (Architecture <Behavioral>).
Entity <PID> analyzed. Unit <PID> generated.


=========================================================================
*                           HDL Synthesis                               *
=========================================================================

Performing bidirectional port resolution...

Synthesizing Unit <PWM_motor>.
    Related source file is "D:/URJC/4.CUARTO/TFG/TRABAJO/FPGA/PWM_lazocerrado_v1/PWM_motor.vhd".
    Using one-hot encoding for signal <aumento>.
    Found 16x7-bit ROM for signal <segmento>.
    Found 16-bit register for signal <velocidad_real_tension>.
    Found 1-bit register for signal <motor1>.
    Found 1-bit register for signal <motor2>.
    Found 1-bit register for signal <led_sentido>.
    Found 1-bit register for signal <led_salida>.
    Found 1-bit register for signal <btn_bajar_rg1>.
    Found 1-bit register for signal <btn_bajar_rg2>.
    Found 1-bit register for signal <btn_subir_rg1>.
    Found 1-bit register for signal <btn_subir_rg2>.
    Found 26-bit up counter for signal <conta0_5seg>.
    Found 4-bit up counter for signal <conta16mili>.
    Found 17-bit up counter for signal <conta1milisegundo>.
    Found 2-bit up counter for signal <conta3mili>.
    Found 10-bit up counter for signal <conta8us>.
    Found 8-bit up counter for signal <cuentaPWM>.
    Found 8-bit register for signal <dutycycle>.
    Found 8-bit comparator greater for signal <dutycycle$cmp_gt0000> created at line 177.
    Found 8-bit comparator greater for signal <dutycycle$cmp_gt0001> created at line 183.
    Found 8-bit comparator less for signal <dutycycle$cmp_lt0000> created at line 197.
    Found 8-bit comparator less for signal <dutycycle$cmp_lt0001> created at line 203.
    Found 8-bit addsub for signal <dutycycle$share0000> created at line 169.
    Found 4-bit 4-to-1 multiplexer for signal <mostrar>.
    Found 16-bit register for signal <posicion_anterior>.
    Found 1-bit register for signal <pulso_anterior>.
    Found 16-bit comparator less for signal <salidaPWM$cmp_lt0000> created at line 278.
    Found 16-bit register for signal <velocidad_real>.
    Found 16-bit subtractor for signal <velocidad_real$sub0000> created at line 409.
    Found 16x16-bit multiplier for signal <velocidad_real_tension$mult0000> created at line 411.
    Summary:
	inferred   1 ROM(s).
	inferred   6 Counter(s).
	inferred  65 D-type flip-flop(s).
	inferred   2 Adder/Subtractor(s).
	inferred   1 Multiplier(s).
	inferred   5 Comparator(s).
	inferred   4 Multiplexer(s).
Unit <PWM_motor> synthesized.


Synthesizing Unit <debouncer_top>.
    Related source file is "D:/URJC/4.CUARTO/TFG/TRABAJO/FPGA/PWM_lazocerrado_v1/debouncer_top.vhd".
    Found 1-bit register for signal <btn_out>.
    Found 1-bit register for signal <btn_prev>.
    Found 1-bit xor2 for signal <btn_prev$xor0000> created at line 50.
    Found 20-bit up counter for signal <counter>.
    Summary:
	inferred   1 Counter(s).
	inferred   2 D-type flip-flop(s).
Unit <debouncer_top> synthesized.


Synthesizing Unit <binary_to_bcd>.
    Related source file is "D:/URJC/4.CUARTO/TFG/TRABAJO/FPGA/PWM_lazocerrado_v1/binary_to_bcd.vhd".
    Found 4-bit comparator greater for signal <bcd_signal_3$cmp_gt0000> created at line 56.
    Found 4-bit comparator greater for signal <bcd_signal_3$cmp_gt0001> created at line 56.
    Found 4-bit comparator greater for signal <bcd_signal_3$cmp_gt0002> created at line 56.
    Found 4-bit comparator greater for signal <bcd_signal_3$cmp_gt0003> created at line 56.
    Found 4-bit comparator greater for signal <bcd_signal_3$cmp_gt0004> created at line 56.
    Found 4-bit adder for signal <bcd_signal_3_0$add0000> created at line 57.
    Found 4-bit adder for signal <bcd_signal_3_0$add0001> created at line 57.
    Found 4-bit adder for signal <bcd_signal_3_0$add0002> created at line 57.
    Found 4-bit adder for signal <bcd_signal_3_0$add0003> created at line 57.
    Found 4-bit adder for signal <bcd_signal_3_0$add0004> created at line 57.
    Found 4-bit comparator greater for signal <bcd_signal_7$cmp_gt0000> created at line 59.
    Found 4-bit comparator greater for signal <bcd_signal_7$cmp_gt0001> created at line 59.
    Found 4-bit adder for signal <bcd_signal_7_4$add0000> created at line 60.
    Found 4-bit adder for signal <bcd_signal_7_4$add0001> created at line 60.
    Summary:
	inferred   7 Adder/Subtractor(s).
	inferred   7 Comparator(s).
Unit <binary_to_bcd> synthesized.


Synthesizing Unit <calcular_posicion>.
    Related source file is "D:/URJC/4.CUARTO/TFG/TRABAJO/FPGA/PWM_lazocerrado_v1/calcular_posicion.vhd".
    Found 1-bit register for signal <A_rg1>.
    Found 1-bit register for signal <A_rg2>.
    Found 16-bit updown counter for signal <count>.
    Summary:
	inferred   1 Counter(s).
	inferred   2 D-type flip-flop(s).
Unit <calcular_posicion> synthesized.


Synthesizing Unit <PID>.
    Related source file is "D:/URJC/4.CUARTO/TFG/TRABAJO/FPGA/PWM_lazocerrado_v1/pid.vhd".
WARNING:Xst:646 - Signal <output_loaded<31:16>> is assigned but never used. This unconnected signal will be trimmed during the optimization process.
WARNING:Xst:646 - Signal <Error_difference<31:28>> is assigned but never used. This unconnected signal will be trimmed during the optimization process.
    Found 16-bit register for signal <output>.
    Found 32-bit register for signal <d>.
    Found 32-bit adder for signal <d$add0000>.
    Found 32-bit adder for signal <d$addsub0000>.
    Found 32-bit register for signal <Error>.
    Found 17-bit subtractor for signal <Error$sub0000> created at line 47.
    Found 32-bit register for signal <Error_difference>.
    Found 32-bit subtractor for signal <Error_difference$sub0000> created at line 50.
    Found 32-bit up accumulator for signal <error_sum>.
    Found 16-bit comparator not equal for signal <error_sum$cmp_ne0000> created at line 48.
    Found 32-bit register for signal <i>.
    Found 32-bit adder for signal <i$add0000>.
    Found 32-bit adder for signal <i$addsub0000>.
    Found 16-bit register for signal <old_adc>.
    Found 32-bit register for signal <old_error>.
    Found 32-bit register for signal <output_loaded>.
    Found 32-bit comparator greater for signal <output_loaded$cmp_gt0000> created at line 69.
    Found 32-bit comparator less for signal <output_loaded$cmp_lt0000> created at line 68.
    Found 32-bit register for signal <output_saturation_buffer>.
    Found 32-bit adder for signal <output_saturation_buffer$add0000> created at line 67.
    Found 32-bit adder for signal <output_saturation_buffer$addsub0000> created at line 67.
    Found 32-bit register for signal <p>.
    Found 32-bit adder for signal <p$add0000>.
    Found 32-bit adder for signal <p$addsub0000>.
    Summary:
	inferred   1 Accumulator(s).
	inferred 288 D-type flip-flop(s).
	inferred  10 Adder/Subtractor(s).
	inferred   3 Comparator(s).
Unit <PID> synthesized.


Synthesizing Unit <juntar>.
    Related source file is "D:/URJC/4.CUARTO/TFG/TRABAJO/FPGA/PWM_lazocerrado_v1/juntar.vhd".
Unit <juntar> synthesized.

INFO:Xst:1767 - HDL ADVISOR - Resource sharing has identified that some arithmetic operations in this design can share the same physical resources for reduced device utilization. For improved clock frequency you may try to disable resource sharing.

=========================================================================
HDL Synthesis Report

Macro Statistics
# ROMs                                                 : 1
 16x7-bit ROM                                          : 1
# Multipliers                                          : 1
 16x16-bit multiplier                                  : 1
# Adders/Subtractors                                   : 19
 16-bit subtractor                                     : 1
 17-bit subtractor                                     : 1
 32-bit adder                                          : 8
 32-bit subtractor                                     : 1
 4-bit adder                                           : 7
 8-bit addsub                                          : 1
# Counters                                             : 9
 10-bit up counter                                     : 1
 16-bit updown counter                                 : 1
 17-bit up counter                                     : 1
 2-bit up counter                                      : 1
 20-bit up counter                                     : 2
 26-bit up counter                                     : 1
 4-bit up counter                                      : 1
 8-bit up counter                                      : 1
# Accumulators                                         : 1
 32-bit up accumulator                                 : 1
# Registers                                            : 29
 1-bit register                                        : 15
 16-bit register                                       : 5
 32-bit register                                       : 8
 8-bit register                                        : 1
# Comparators                                          : 15
 16-bit comparator less                                : 1
 16-bit comparator not equal                           : 1
 32-bit comparator greater                             : 1
 32-bit comparator less                                : 1
 4-bit comparator greater                              : 7
 8-bit comparator greater                              : 2
 8-bit comparator less                                 : 2
# Multiplexers                                         : 1
 4-bit 4-to-1 multiplexer                              : 1
# Xors                                                 : 2
 1-bit xor2                                            : 2

=========================================================================

=========================================================================
*                       Advanced HDL Synthesis                          *
=========================================================================

INFO:Xst:2261 - The FF/Latch <Error_16> in Unit <PID1> is equivalent to the following 15 FFs/Latches, which will be removed : <Error_17> <Error_18> <Error_19> <Error_20> <Error_21> <Error_22> <Error_23> <Error_24> <Error_25> <Error_26> <Error_27> <Error_28> <Error_29> <Error_30> <Error_31> 
INFO:Xst:2261 - The FF/Latch <old_error_16> in Unit <PID1> is equivalent to the following 15 FFs/Latches, which will be removed : <old_error_17> <old_error_18> <old_error_19> <old_error_20> <old_error_21> <old_error_22> <old_error_23> <old_error_24> <old_error_25> <old_error_26> <old_error_27> <old_error_28> <old_error_29> <old_error_30> <old_error_31> 
WARNING:Xst:2677 - Node <Error_difference_28> of sequential type is unconnected in block <PID1>.
WARNING:Xst:2677 - Node <Error_difference_29> of sequential type is unconnected in block <PID1>.
WARNING:Xst:2677 - Node <Error_difference_30> of sequential type is unconnected in block <PID1>.
WARNING:Xst:2677 - Node <Error_difference_31> of sequential type is unconnected in block <PID1>.
WARNING:Xst:2677 - Node <output_loaded_16> of sequential type is unconnected in block <PID1>.
WARNING:Xst:2677 - Node <output_loaded_17> of sequential type is unconnected in block <PID1>.
WARNING:Xst:2677 - Node <output_loaded_18> of sequential type is unconnected in block <PID1>.
WARNING:Xst:2677 - Node <output_loaded_19> of sequential type is unconnected in block <PID1>.
WARNING:Xst:2677 - Node <output_loaded_20> of sequential type is unconnected in block <PID1>.
WARNING:Xst:2677 - Node <output_loaded_21> of sequential type is unconnected in block <PID1>.
WARNING:Xst:2677 - Node <output_loaded_22> of sequential type is unconnected in block <PID1>.
WARNING:Xst:2677 - Node <output_loaded_23> of sequential type is unconnected in block <PID1>.
WARNING:Xst:2677 - Node <output_loaded_24> of sequential type is unconnected in block <PID1>.
WARNING:Xst:2677 - Node <output_loaded_25> of sequential type is unconnected in block <PID1>.
WARNING:Xst:2677 - Node <output_loaded_26> of sequential type is unconnected in block <PID1>.
WARNING:Xst:2677 - Node <output_loaded_27> of sequential type is unconnected in block <PID1>.
WARNING:Xst:2677 - Node <output_loaded_28> of sequential type is unconnected in block <PID1>.
WARNING:Xst:2677 - Node <output_loaded_29> of sequential type is unconnected in block <PID1>.
WARNING:Xst:2677 - Node <output_loaded_30> of sequential type is unconnected in block <PID1>.
WARNING:Xst:2677 - Node <output_loaded_31> of sequential type is unconnected in block <PID1>.
WARNING:Xst:2677 - Node <Error_difference_28> of sequential type is unconnected in block <PID>.
WARNING:Xst:2677 - Node <Error_difference_29> of sequential type is unconnected in block <PID>.
WARNING:Xst:2677 - Node <Error_difference_30> of sequential type is unconnected in block <PID>.
WARNING:Xst:2677 - Node <Error_difference_31> of sequential type is unconnected in block <PID>.
WARNING:Xst:2677 - Node <output_loaded_16> of sequential type is unconnected in block <PID>.
WARNING:Xst:2677 - Node <output_loaded_17> of sequential type is unconnected in block <PID>.
WARNING:Xst:2677 - Node <output_loaded_18> of sequential type is unconnected in block <PID>.
WARNING:Xst:2677 - Node <output_loaded_19> of sequential type is unconnected in block <PID>.
WARNING:Xst:2677 - Node <output_loaded_20> of sequential type is unconnected in block <PID>.
WARNING:Xst:2677 - Node <output_loaded_21> of sequential type is unconnected in block <PID>.
WARNING:Xst:2677 - Node <output_loaded_22> of sequential type is unconnected in block <PID>.
WARNING:Xst:2677 - Node <output_loaded_23> of sequential type is unconnected in block <PID>.
WARNING:Xst:2677 - Node <output_loaded_24> of sequential type is unconnected in block <PID>.
WARNING:Xst:2677 - Node <output_loaded_25> of sequential type is unconnected in block <PID>.
WARNING:Xst:2677 - Node <output_loaded_26> of sequential type is unconnected in block <PID>.
WARNING:Xst:2677 - Node <output_loaded_27> of sequential type is unconnected in block <PID>.
WARNING:Xst:2677 - Node <output_loaded_28> of sequential type is unconnected in block <PID>.
WARNING:Xst:2677 - Node <output_loaded_29> of sequential type is unconnected in block <PID>.
WARNING:Xst:2677 - Node <output_loaded_30> of sequential type is unconnected in block <PID>.
WARNING:Xst:2677 - Node <output_loaded_31> of sequential type is unconnected in block <PID>.

=========================================================================
Advanced HDL Synthesis Report

Macro Statistics
# ROMs                                                 : 1
 16x7-bit ROM                                          : 1
# Multipliers                                          : 1
 16x16-bit multiplier                                  : 1
# Adders/Subtractors                                   : 19
 16-bit subtractor                                     : 1
 17-bit subtractor                                     : 1
 32-bit adder                                          : 8
 32-bit subtractor                                     : 1
 4-bit adder                                           : 7
 8-bit addsub                                          : 1
# Counters                                             : 9
 10-bit up counter                                     : 1
 16-bit updown counter                                 : 1
 17-bit up counter                                     : 1
 2-bit up counter                                      : 1
 20-bit up counter                                     : 2
 26-bit up counter                                     : 1
 4-bit up counter                                      : 1
 8-bit up counter                                      : 1
# Accumulators                                         : 1
 32-bit up accumulator                                 : 1
# Registers                                            : 339
 Flip-Flops                                            : 339
# Comparators                                          : 15
 16-bit comparator less                                : 1
 16-bit comparator not equal                           : 1
 32-bit comparator greater                             : 1
 32-bit comparator less                                : 1
 4-bit comparator greater                              : 7
 8-bit comparator greater                              : 2
 8-bit comparator less                                 : 2
# Multiplexers                                         : 1
 4-bit 4-to-1 multiplexer                              : 1
# Xors                                                 : 2
 1-bit xor2                                            : 2

=========================================================================

=========================================================================
*                         Low Level Synthesis                           *
=========================================================================
INFO:Xst:2261 - The FF/Latch <Error_16> in Unit <PID> is equivalent to the following 15 FFs/Latches, which will be removed : <Error_17> <Error_18> <Error_19> <Error_20> <Error_21> <Error_22> <Error_23> <Error_24> <Error_25> <Error_26> <Error_27> <Error_28> <Error_29> <Error_30> <Error_31> 
INFO:Xst:2261 - The FF/Latch <old_error_16> in Unit <PID> is equivalent to the following 15 FFs/Latches, which will be removed : <old_error_17> <old_error_18> <old_error_19> <old_error_20> <old_error_21> <old_error_22> <old_error_23> <old_error_24> <old_error_25> <old_error_26> <old_error_27> <old_error_28> <old_error_29> <old_error_30> <old_error_31> 
INFO:Xst:2261 - The FF/Latch <i_26> in Unit <PID> is equivalent to the following 5 FFs/Latches, which will be removed : <i_27> <i_28> <i_29> <i_30> <i_31> 
INFO:Xst:2261 - The FF/Latch <Error_difference_17> in Unit <PID> is equivalent to the following 10 FFs/Latches, which will be removed : <Error_difference_18> <Error_difference_19> <Error_difference_20> <Error_difference_21> <Error_difference_22> <Error_difference_23> <Error_difference_24> <Error_difference_25> <Error_difference_26> <Error_difference_27> 
INFO:Xst:2261 - The FF/Latch <d_26> in Unit <PID> is equivalent to the following 5 FFs/Latches, which will be removed : <d_27> <d_28> <d_29> <d_30> <d_31> 

Optimizing unit <juntar> ...

Optimizing unit <PWM_motor> ...

Optimizing unit <binary_to_bcd> ...

Optimizing unit <calcular_posicion> ...

Optimizing unit <PID> ...

Mapping all equations...
Building and optimizing final netlist ...
Found area constraint ratio of 100 (+ 5) on block juntar, actual ratio is 47.

Final Macro Processing ...

=========================================================================
Final Register Report

Macro Statistics
# Registers                                            : 444
 Flip-Flops                                            : 444

=========================================================================

=========================================================================
*                           Partition Report                            *
=========================================================================

Partition Implementation Status
-------------------------------

  No Partitions were found in this design.

-------------------------------

=========================================================================
*                            Final Report                               *
=========================================================================
Final Results
RTL Top Level Output File Name     : juntar.ngr
Top Level Output File Name         : juntar
Output Format                      : NGC
Optimization Goal                  : Speed
Keep Hierarchy                     : No

Design Statistics
# IOs                              : 26

Cell Usage :
# BELS                             : 1586
#      GND                         : 1
#      INV                         : 175
#      LUT1                        : 101
#      LUT2                        : 189
#      LUT3                        : 116
#      LUT3_D                      : 4
#      LUT4                        : 165
#      LUT4_D                      : 4
#      MUXCY                       : 422
#      MUXF5                       : 15
#      VCC                         : 1
#      XORCY                       : 393
# FlipFlops/Latches                : 444
#      FDC                         : 63
#      FDCE                        : 87
#      FDE                         : 69
#      FDR                         : 127
#      FDRE                        : 90
#      FDRS                        : 8
# Clock Buffers                    : 1
#      BUFGP                       : 1
# IO Buffers                       : 25
#      IBUF                        : 10
#      OBUF                        : 15
# MULTs                            : 1
#      MULT18X18SIO                : 1
=========================================================================

Device utilization summary:
---------------------------

Selected Device : 3s100etq144-4 

 Number of Slices:                      447  out of    960    46%  
 Number of Slice Flip Flops:            443  out of   1920    23%  
 Number of 4 input LUTs:                754  out of   1920    39%  
 Number of IOs:                          26
 Number of bonded IOBs:                  26  out of    108    24%  
    IOB Flip Flops:                       1
 Number of MULT18X18SIOs:                 1  out of      4    25%  
 Number of GCLKs:                         1  out of     24     4%  

---------------------------
Partition Resource Summary:
---------------------------

  No Partitions were found in this design.

---------------------------


=========================================================================
TIMING REPORT

NOTE: THESE TIMING NUMBERS ARE ONLY A SYNTHESIS ESTIMATE.
      FOR ACCURATE TIMING INFORMATION PLEASE REFER TO THE TRACE REPORT
      GENERATED AFTER PLACE-and-ROUTE.

Clock Information:
------------------
-----------------------------------+------------------------+-------+
Clock Signal                       | Clock buffer(FF name)  | Load  |
-----------------------------------+------------------------+-------+
clk                                | BUFGP                  | 444   |
-----------------------------------+------------------------+-------+

Asynchronous Control Signals Information:
----------------------------------------
-----------------------------------+------------------------+-------+
Control Signal                     | Buffer(FF name)        | Load  |
-----------------------------------+------------------------+-------+
btn_reset                          | IBUF                   | 150   |
-----------------------------------+------------------------+-------+

Timing Summary:
---------------
Speed Grade: -4

   Minimum period: 9.595ns (Maximum Frequency: 104.221MHz)
   Minimum input arrival time before clock: 8.089ns
   Maximum output required time after clock: 15.233ns
   Maximum combinational path delay: 12.487ns

Timing Detail:
--------------
All values displayed in nanoseconds (ns)

=========================================================================
Timing constraint: Default period analysis for Clock 'clk'
  Clock period: 9.595ns (frequency: 104.221MHz)
  Total number of paths / destination ports: 31419 / 685
-------------------------------------------------------------------------
Delay:               9.595ns (Levels of Logic = 37)
  Source:            PID1/Error_0 (FF)
  Destination:       PID1/p_31 (FF)
  Source Clock:      clk rising
  Destination Clock: clk rising

  Data Path: PID1/Error_0 to PID1/p_31
                                Gate     Net
    Cell:in->out      fanout   Delay   Delay  Logical Name (Net Name)
    ----------------------------------------  ------------
     FDR:C->Q              4   0.591   0.762  PID1/Error_0 (PID1/Error_0)
     LUT1:I0->O            1   0.704   0.000  PID1/Madd_p_add0000_cy<0>_rt (PID1/Madd_p_add0000_cy<0>_rt)
     MUXCY:S->O            1   0.464   0.000  PID1/Madd_p_add0000_cy<0> (PID1/Madd_p_add0000_cy<0>)
     MUXCY:CI->O           1   0.059   0.000  PID1/Madd_p_add0000_cy<1> (PID1/Madd_p_add0000_cy<1>)
     MUXCY:CI->O           1   0.059   0.000  PID1/Madd_p_add0000_cy<2> (PID1/Madd_p_add0000_cy<2>)
     MUXCY:CI->O           1   0.059   0.000  PID1/Madd_p_add0000_cy<3> (PID1/Madd_p_add0000_cy<3>)
     MUXCY:CI->O           1   0.059   0.000  PID1/Madd_p_add0000_cy<4> (PID1/Madd_p_add0000_cy<4>)
     MUXCY:CI->O           1   0.059   0.000  PID1/Madd_p_add0000_cy<5> (PID1/Madd_p_add0000_cy<5>)
     MUXCY:CI->O           1   0.059   0.000  PID1/Madd_p_add0000_cy<6> (PID1/Madd_p_add0000_cy<6>)
     MUXCY:CI->O           1   0.059   0.000  PID1/Madd_p_add0000_cy<7> (PID1/Madd_p_add0000_cy<7>)
     MUXCY:CI->O           1   0.059   0.000  PID1/Madd_p_add0000_cy<8> (PID1/Madd_p_add0000_cy<8>)
     MUXCY:CI->O           1   0.059   0.000  PID1/Madd_p_add0000_cy<9> (PID1/Madd_p_add0000_cy<9>)
     MUXCY:CI->O           1   0.059   0.000  PID1/Madd_p_add0000_cy<10> (PID1/Madd_p_add0000_cy<10>)
     MUXCY:CI->O           1   0.059   0.000  PID1/Madd_p_add0000_cy<11> (PID1/Madd_p_add0000_cy<11>)
     MUXCY:CI->O           1   0.059   0.000  PID1/Madd_p_add0000_cy<12> (PID1/Madd_p_add0000_cy<12>)
     MUXCY:CI->O           1   0.059   0.000  PID1/Madd_p_add0000_cy<13> (PID1/Madd_p_add0000_cy<13>)
     MUXCY:CI->O           1   0.059   0.000  PID1/Madd_p_add0000_cy<14> (PID1/Madd_p_add0000_cy<14>)
     MUXCY:CI->O           1   0.059   0.000  PID1/Madd_p_add0000_cy<15> (PID1/Madd_p_add0000_cy<15>)
     MUXCY:CI->O           0   0.059   0.000  PID1/Madd_p_add0000_cy<16> (PID1/Madd_p_add0000_cy<16>)
     XORCY:CI->O          15   0.804   1.017  PID1/Madd_p_add0000_xor<17> (PID1/p_add0000<17>)
     INV:I->O              1   0.704   0.000  PID1/p_not0002<16>1_INV_0 (PID1/p_not0002<16>)
     MUXCY:S->O            1   0.464   0.000  PID1/Madd_p_addsub0000_cy<16> (PID1/Madd_p_addsub0000_cy<16>)
     MUXCY:CI->O           1   0.059   0.000  PID1/Madd_p_addsub0000_cy<17> (PID1/Madd_p_addsub0000_cy<17>)
     MUXCY:CI->O           1   0.059   0.000  PID1/Madd_p_addsub0000_cy<18> (PID1/Madd_p_addsub0000_cy<18>)
     MUXCY:CI->O           1   0.059   0.000  PID1/Madd_p_addsub0000_cy<19> (PID1/Madd_p_addsub0000_cy<19>)
     MUXCY:CI->O           1   0.059   0.000  PID1/Madd_p_addsub0000_cy<20> (PID1/Madd_p_addsub0000_cy<20>)
     MUXCY:CI->O           1   0.059   0.000  PID1/Madd_p_addsub0000_cy<21> (PID1/Madd_p_addsub0000_cy<21>)
     MUXCY:CI->O           1   0.059   0.000  PID1/Madd_p_addsub0000_cy<22> (PID1/Madd_p_addsub0000_cy<22>)
     MUXCY:CI->O           1   0.059   0.000  PID1/Madd_p_addsub0000_cy<23> (PID1/Madd_p_addsub0000_cy<23>)
     MUXCY:CI->O           1   0.059   0.000  PID1/Madd_p_addsub0000_cy<24> (PID1/Madd_p_addsub0000_cy<24>)
     MUXCY:CI->O           1   0.059   0.000  PID1/Madd_p_addsub0000_cy<25> (PID1/Madd_p_addsub0000_cy<25>)
     MUXCY:CI->O           1   0.059   0.000  PID1/Madd_p_addsub0000_cy<26> (PID1/Madd_p_addsub0000_cy<26>)
     MUXCY:CI->O           1   0.059   0.000  PID1/Madd_p_addsub0000_cy<27> (PID1/Madd_p_addsub0000_cy<27>)
     MUXCY:CI->O           1   0.059   0.000  PID1/Madd_p_addsub0000_cy<28> (PID1/Madd_p_addsub0000_cy<28>)
     MUXCY:CI->O           1   0.059   0.000  PID1/Madd_p_addsub0000_cy<29> (PID1/Madd_p_addsub0000_cy<29>)
     MUXCY:CI->O           0   0.059   0.000  PID1/Madd_p_addsub0000_cy<30> (PID1/Madd_p_addsub0000_cy<30>)
     XORCY:CI->O           1   0.804   0.499  PID1/Madd_p_addsub0000_xor<31> (PID1/p_addsub0000<31>)
     LUT2:I1->O            1   0.704   0.000  PID1/p_mux0003<31>1 (PID1/p_mux0003<31>)
     FDR:D                     0.308          PID1/p_31
    ----------------------------------------
    Total                      9.595ns (7.317ns logic, 2.278ns route)
                                       (76.3% logic, 23.7% route)

=========================================================================
Timing constraint: Default OFFSET IN BEFORE for Clock 'clk'
  Total number of paths / destination ports: 732 / 325
-------------------------------------------------------------------------
Offset:              8.089ns (Levels of Logic = 6)
  Source:            sw_velocidad<2> (PAD)
  Destination:       PWM_motor1/dutycycle_6 (FF)
  Destination Clock: clk rising

  Data Path: sw_velocidad<2> to PWM_motor1/dutycycle_6
                                Gate     Net
    Cell:in->out      fanout   Delay   Delay  Logical Name (Net Name)
    ----------------------------------------  ------------
     IBUF:I->O             9   1.218   0.995  sw_velocidad_2_IBUF (sw_velocidad_2_IBUF)
     LUT3:I0->O            5   0.704   0.808  PWM_motor1/aumento_cmp_eq00011 (PWM_motor1/aumento<2>)
     LUT2:I0->O            1   0.704   0.424  PWM_motor1/dutycycle_mux0004<7>2116 (PWM_motor1/dutycycle_mux0004<7>2116)
     LUT4_D:I3->LO         1   0.704   0.104  PWM_motor1/dutycycle_mux0004<7>2120 (N74)
     LUT4:I3->O            7   0.704   0.712  PWM_motor1/dutycycle_mux0004<0>21 (PWM_motor1/N3)
     LUT4:I3->O            1   0.704   0.000  PWM_motor1/dutycycle_mux0004<6>1 (PWM_motor1/dutycycle_mux0004<6>)
     FDCE:D                    0.308          PWM_motor1/dutycycle_6
    ----------------------------------------
    Total                      8.089ns (5.046ns logic, 3.043ns route)
                                       (62.4% logic, 37.6% route)

=========================================================================
Timing constraint: Default OFFSET OUT AFTER for Clock 'clk'
  Total number of paths / destination ports: 5399 / 14
-------------------------------------------------------------------------
Offset:              15.233ns (Levels of Logic = 10)
  Source:            PWM_motor1/dutycycle_7 (FF)
  Destination:       segmento<5> (PAD)
  Source Clock:      clk rising

  Data Path: PWM_motor1/dutycycle_7 to segmento<5>
                                Gate     Net
    Cell:in->out      fanout   Delay   Delay  Logical Name (Net Name)
    ----------------------------------------  ------------
     FDCE:C->Q            27   0.591   1.436  PWM_motor1/dutycycle_7 (PWM_motor1/dutycycle_7)
     LUT4:I0->O            1   0.704   0.000  binary_to_bcd1/bcd_signal_3_cmp_gt0002_F (N62)
     MUXF5:I0->O           7   0.321   0.883  binary_to_bcd1/bcd_signal_3_cmp_gt0002 (binary_to_bcd1/bcd_signal_3_cmp_gt0002)
     LUT2:I0->O            6   0.704   0.704  binary_to_bcd1/bcd_signal_2_mux000411 (binary_to_bcd1/N0)
     LUT4:I2->O            1   0.704   0.424  PWM_motor1/Mmux_mostrar232_SW0 (N34)
     LUT4:I3->O            1   0.704   0.595  PWM_motor1/Mmux_mostrar232 (PWM_motor1/Mmux_mostrar232)
     LUT3:I0->O            1   0.704   0.000  PWM_motor1/Mmux_mostrar2124_G (N65)
     MUXF5:I1->O           1   0.321   0.455  PWM_motor1/Mmux_mostrar2124 (PWM_motor1/Mmux_mostrar2124)
     LUT4:I2->O            7   0.704   0.883  PWM_motor1/Mmux_mostrar2197 (PWM_motor1/mostrar<0>)
     LUT4:I0->O            1   0.704   0.420  PWM_motor1/Mrom_segmento41 (segmento_4_OBUF)
     OBUF:I->O                 3.272          segmento_4_OBUF (segmento<4>)
    ----------------------------------------
    Total                     15.233ns (9.433ns logic, 5.800ns route)
                                       (61.9% logic, 38.1% route)

=========================================================================
Timing constraint: Default path analysis
  Total number of paths / destination ports: 255 / 10
-------------------------------------------------------------------------
Delay:               12.487ns (Levels of Logic = 8)
  Source:            sw_velocidad<2> (PAD)
  Destination:       segmento<5> (PAD)

  Data Path: sw_velocidad<2> to segmento<5>
                                Gate     Net
    Cell:in->out      fanout   Delay   Delay  Logical Name (Net Name)
    ----------------------------------------  ------------
     IBUF:I->O             9   1.218   0.995  sw_velocidad_2_IBUF (sw_velocidad_2_IBUF)
     LUT3:I0->O            5   0.704   0.808  PWM_motor1/aumento_cmp_eq00011 (PWM_motor1/aumento<2>)
     LUT4:I0->O            1   0.704   0.595  PWM_motor1/Mmux_mostrar232 (PWM_motor1/Mmux_mostrar232)
     LUT3:I0->O            1   0.704   0.000  PWM_motor1/Mmux_mostrar2124_G (N65)
     MUXF5:I1->O           1   0.321   0.455  PWM_motor1/Mmux_mostrar2124 (PWM_motor1/Mmux_mostrar2124)
     LUT4:I2->O            7   0.704   0.883  PWM_motor1/Mmux_mostrar2197 (PWM_motor1/mostrar<0>)
     LUT4:I0->O            1   0.704   0.420  PWM_motor1/Mrom_segmento41 (segmento_4_OBUF)
     OBUF:I->O                 3.272          segmento_4_OBUF (segmento<4>)
    ----------------------------------------
    Total                     12.487ns (8.331ns logic, 4.156ns route)
                                       (66.7% logic, 33.3% route)

=========================================================================


Total REAL time to Xst completion: 10.00 secs
Total CPU time to Xst completion: 9.96 secs
 
--> 

Total memory usage is 4537600 kilobytes

Number of errors   :    0 (   0 filtered)
Number of warnings :   43 (   0 filtered)
Number of infos    :    8 (   0 filtered)

