V3 23
FL D:/URJC/4.CUARTO/TFG/TRABAJO/FPGA/PWM_lazocerrado_v1/binary_to_bcd.vhd 2019/07/14.14:11:36 P.20131013
EN work/binary_to_bcd 1568370582 \
      FL D:/URJC/4.CUARTO/TFG/TRABAJO/FPGA/PWM_lazocerrado_v1/binary_to_bcd.vhd \
      PB ieee/std_logic_1164 1381692176 PB ieee/NUMERIC_STD 1381692181 \
      PB ieee/STD_LOGIC_UNSIGNED 1381692179
AR work/binary_to_bcd/Behavioral 1568370583 \
      FL D:/URJC/4.CUARTO/TFG/TRABAJO/FPGA/PWM_lazocerrado_v1/binary_to_bcd.vhd \
      EN work/binary_to_bcd 1568370582
FL D:/URJC/4.CUARTO/TFG/TRABAJO/FPGA/PWM_lazocerrado_v1/calcular_posicion.vhd 2019/09/11.12:57:40 P.20131013
EN work/calcular_posicion 1568370584 \
      FL D:/URJC/4.CUARTO/TFG/TRABAJO/FPGA/PWM_lazocerrado_v1/calcular_posicion.vhd \
      PB ieee/std_logic_1164 1381692176 PB ieee/NUMERIC_STD 1381692181
AR work/calcular_posicion/Behavioral 1568370585 \
      FL D:/URJC/4.CUARTO/TFG/TRABAJO/FPGA/PWM_lazocerrado_v1/calcular_posicion.vhd \
      EN work/calcular_posicion 1568370584
FL D:/URJC/4.CUARTO/TFG/TRABAJO/FPGA/PWM_lazocerrado_v1/debouncer_top.vhd 2019/07/15.11:07:22 P.20131013
EN work/debouncer_top 1568370580 \
      FL D:/URJC/4.CUARTO/TFG/TRABAJO/FPGA/PWM_lazocerrado_v1/debouncer_top.vhd \
      PB ieee/std_logic_1164 1381692176 PB ieee/NUMERIC_STD 1381692181 \
      PB ieee/STD_LOGIC_UNSIGNED 1381692179
AR work/debouncer_top/Behavioral 1568370581 \
      FL D:/URJC/4.CUARTO/TFG/TRABAJO/FPGA/PWM_lazocerrado_v1/debouncer_top.vhd \
      EN work/debouncer_top 1568370580
FL D:/URJC/4.CUARTO/TFG/TRABAJO/FPGA/PWM_lazocerrado_v1/juntar.vhd 2019/07/18.00:36:35 P.20131013
EN work/juntar 1568370588 \
      FL D:/URJC/4.CUARTO/TFG/TRABAJO/FPGA/PWM_lazocerrado_v1/juntar.vhd \
      PB ieee/std_logic_1164 1381692176 PB ieee/NUMERIC_STD 1381692181 \
      PB ieee/STD_LOGIC_UNSIGNED 1381692179
AR work/juntar/Behavioral 1568370589 \
      FL D:/URJC/4.CUARTO/TFG/TRABAJO/FPGA/PWM_lazocerrado_v1/juntar.vhd \
      EN work/juntar 1568370588 CP PWM_motor CP debouncer_top CP binary_to_bcd \
      CP calcular_posicion CP PID
FL D:/URJC/4.CUARTO/TFG/TRABAJO/FPGA/PWM_lazocerrado_v1/pid.vhd 2019/09/10.21:03:16 P.20131013
EN work/PID 1568370586 \
      FL D:/URJC/4.CUARTO/TFG/TRABAJO/FPGA/PWM_lazocerrado_v1/pid.vhd \
      PB ieee/std_logic_1164 1381692176 PB ieee/NUMERIC_STD 1381692181
AR work/PID/Behavioral 1568370587 \
      FL D:/URJC/4.CUARTO/TFG/TRABAJO/FPGA/PWM_lazocerrado_v1/pid.vhd EN work/PID 1568370586
FL D:/URJC/4.CUARTO/TFG/TRABAJO/FPGA/PWM_lazocerrado_v1/PWM_motor.vhd 2019/07/19.17:14:15 P.20131013
EN work/PWM_motor 1568370578 \
      FL D:/URJC/4.CUARTO/TFG/TRABAJO/FPGA/PWM_lazocerrado_v1/PWM_motor.vhd \
      PB ieee/std_logic_1164 1381692176 PB ieee/NUMERIC_STD 1381692181
AR work/PWM_motor/Behavioral 1568370579 \
      FL D:/URJC/4.CUARTO/TFG/TRABAJO/FPGA/PWM_lazocerrado_v1/PWM_motor.vhd \
      EN work/PWM_motor 1568370578
